// Jest Snapshot v1, https://goo.gl/fbAQLP

exports[`HomePage View should render correctly 1`] = `
<RCTScrollView
  style={
    Object {
      "backgroundColor": "#ecf0f1",
      "flex": 1,
      "padding": 10,
    }
  }
>
  <View>
    <View
      accessibilityComponentType={undefined}
      accessibilityLabel={undefined}
      accessibilityTraits={undefined}
      accessible={true}
      collapsable={undefined}
      hitSlop={undefined}
      isTVSelectable={true}
      nativeID={undefined}
      onLayout={undefined}
      onResponderGrant={[Function]}
      onResponderMove={[Function]}
      onResponderRelease={[Function]}
      onResponderTerminate={[Function]}
      onResponderTerminationRequest={[Function]}
      onStartShouldSetResponder={[Function]}
      style={
        Object {
          "backgroundColor": "white",
          "borderColor": "#7f8c8d",
          "borderRadius": 6,
          "elevation": 3,
          "flexDirection": "row",
          "marginVertical": 5,
          "opacity": 1,
          "padding": 15,
          "width": "100%",
        }
      }
      testID={undefined}
      tvParallaxProperties={undefined}
    >
      <View
        style={
          Object {
            "alignItems": "center",
            "justifyContent": "center",
          }
        }
      >
        <Image
          resizeMethod="scale"
          source={1}
        />
      </View>
      <View
        style={
          Object {
            "alignItems": "center",
            "flex": 1,
          }
        }
      >
        <View
          style={
            Object {
              "alignItems": "center",
              "flexDirection": "row",
            }
          }
        >
          <Text
            accessible={true}
            allowFontScaling={true}
            disabled={false}
            ellipsizeMode="tail"
            style={
              Object {
                "fontFamily": "Lato-Semibold",
                "fontSize": 16,
              }
            }
          >
             
            Sansaire (com.mobilesansaire)
             
          </Text>
        </View>
        <View
          style={
            Object {
              "alignItems": "center",
              "flexDirection": "row",
            }
          }
        >
          <Text
            accessible={true}
            allowFontScaling={true}
            disabled={false}
            ellipsizeMode="tail"
            style={
              Object {
                "fontFamily": "Lato-Light",
                "fontSize": 14,
              }
            }
          >
             Version: 
          </Text>
          <Text
            accessible={true}
            allowFontScaling={true}
            disabled={false}
            ellipsizeMode="tail"
            style={
              Object {
                "fontFamily": "Lato-Regular",
                "fontSize": 14,
              }
            }
          >
             
            v1.0.1
             
          </Text>
        </View>
        <View
          style={
            Object {
              "alignItems": "center",
              "flexDirection": "row",
            }
          }
        >
          <Text
            accessible={true}
            allowFontScaling={true}
            disabled={false}
            ellipsizeMode="tail"
            style={
              Object {
                "fontFamily": "Lato-Light",
                "fontSize": 14,
              }
            }
          >
             Last Update: 
          </Text>
          <Text
            accessible={true}
            allowFontScaling={true}
            disabled={false}
            ellipsizeMode="tail"
            style={
              Object {
                "fontFamily": "Lato-Regular",
                "fontSize": 14,
              }
            }
          >
             
            Wed, Aug 30, 2017
             
          </Text>
        </View>
      </View>
      <View
        style={
          Object {
            "alignItems": "center",
            "justifyContent": "center",
          }
        }
      >
        <Image
          resizeMethod="scale"
          source={1}
          tintColor="#95a5a6"
        />
      </View>
    </View>
    <View
      accessibilityComponentType={undefined}
      accessibilityLabel={undefined}
      accessibilityTraits={undefined}
      accessible={true}
      collapsable={undefined}
      hitSlop={undefined}
      isTVSelectable={true}
      nativeID={undefined}
      onLayout={undefined}
      onResponderGrant={[Function]}
      onResponderMove={[Function]}
      onResponderRelease={[Function]}
      onResponderTerminate={[Function]}
      onResponderTerminationRequest={[Function]}
      onStartShouldSetResponder={[Function]}
      style={
        Object {
          "backgroundColor": "white",
          "borderColor": "#7f8c8d",
          "borderRadius": 6,
          "elevation": 3,
          "flexDirection": "row",
          "marginVertical": 5,
          "opacity": 1,
          "padding": 15,
          "width": "100%",
        }
      }
      testID={undefined}
      tvParallaxProperties={undefined}
    >
      <View
        style={
          Object {
            "alignItems": "center",
            "justifyContent": "center",
          }
        }
      >
        <Image
          resizeMethod="scale"
          source={1}
        />
      </View>
      <View
        style={
          Object {
            "alignItems": "center",
            "flex": 1,
          }
        }
      >
        <View
          style={
            Object {
              "alignItems": "center",
              "flexDirection": "row",
            }
          }
        >
          <Text
            accessible={true}
            allowFontScaling={true}
            disabled={false}
            ellipsizeMode="tail"
            style={
              Object {
                "fontFamily": "Lato-Semibold",
                "fontSize": 16,
              }
            }
          >
             
            Sansaire (com.mobilesansaire)
             
          </Text>
        </View>
        <View
          style={
            Object {
              "alignItems": "center",
              "flexDirection": "row",
            }
          }
        >
          <Text
            accessible={true}
            allowFontScaling={true}
            disabled={false}
            ellipsizeMode="tail"
            style={
              Object {
                "fontFamily": "Lato-Light",
                "fontSize": 14,
              }
            }
          >
             Version: 
          </Text>
          <Text
            accessible={true}
            allowFontScaling={true}
            disabled={false}
            ellipsizeMode="tail"
            style={
              Object {
                "fontFamily": "Lato-Regular",
                "fontSize": 14,
              }
            }
          >
             
            v1.0.1
             
          </Text>
        </View>
        <View
          style={
            Object {
              "alignItems": "center",
              "flexDirection": "row",
            }
          }
        >
          <Text
            accessible={true}
            allowFontScaling={true}
            disabled={false}
            ellipsizeMode="tail"
            style={
              Object {
                "fontFamily": "Lato-Light",
                "fontSize": 14,
              }
            }
          >
             Last Update: 
          </Text>
          <Text
            accessible={true}
            allowFontScaling={true}
            disabled={false}
            ellipsizeMode="tail"
            style={
              Object {
                "fontFamily": "Lato-Regular",
                "fontSize": 14,
              }
            }
          >
             
            Wed, Aug 30, 2017
             
          </Text>
        </View>
      </View>
      <View
        style={
          Object {
            "alignItems": "center",
            "justifyContent": "center",
          }
        }
      >
        <Image
          resizeMethod="scale"
          source={1}
          tintColor="#95a5a6"
        />
      </View>
    </View>
  </View>
</RCTScrollView>
`;
