// Jest Snapshot v1, https://goo.gl/fbAQLP

exports[`HomePage View should render correctly 1`] = `
<RCTScrollView
  contentContainerStyle={undefined}
  refreshControl={
    <RefreshControlMock
      onRefresh={undefined}
      refreshing={undefined}
    />
  }
>
  <RCTRefreshControl />
  <View>
    <View
      style={
        Object {
          "backgroundColor": "#ecf0f1",
          "flex": 1,
          "padding": 10,
        }
      }
    />
  </View>
</RCTScrollView>
`;
