// Jest Snapshot v1, https://goo.gl/fbAQLP

exports[`EmptyProjectsScreen View should render correctly 1`] = `
<View
  style={
    Object {
      "backgroundColor": "#ecf0f1",
      "flex": 1,
    }
  }
>
  <View
    style={
      Object {
        "alignItems": "center",
        "flex": 1,
        "justifyContent": "flex-end",
        "padding": 20,
      }
    }
  >
    <Image
      source={1}
      style={
        Object {
          "flex": 0.3,
          "resizeMode": "contain",
        }
      }
    />
  </View>
  <View
    style={
      Object {
        "alignItems": "center",
        "flex": 1,
        "justifyContent": "flex-start",
        "paddingHorizontal": 20,
      }
    }
  >
    <View
      style={
        Object {
          "marginVertical": 8,
        }
      }
    >
      <Text
        accessible={true}
        allowFontScaling={true}
        disabled={false}
        ellipsizeMode="tail"
        style={
          Object {
            "fontFamily": "Lato-Regular",
            "fontSize": 24,
            "textAlign": "center",
          }
        }
      >
        You don't seem to have been invited to any projects ...
      </Text>
    </View>
  </View>
</View>
`;
